// Jest Snapshot v1, https://goo.gl/fbAQLP

exports[`testing page elements should give correct country name  1`] = `Promise {}`;
